Right
    ( Document
        ( DefinitionExecutable
            ( ExecutableDefinition
                { unwrapExecutableDefinition = OperationDefinitionSelectionSet
                    ( SelectionSet
                        [ SelectionField
                            ( Field
                                { _fieldAlias = Nothing
                                , _fieldName = Name "me"
                                , _fieldArguments = Nothing
                                , _fieldDirectives = []
                                , _fieldSelectionSet = Just
                                    ( SelectionSet
                                        [ SelectionField
                                            ( Field
                                                { _fieldAlias = Nothing
                                                , _fieldName = Name "id"
                                                , _fieldArguments = Nothing
                                                , _fieldDirectives = []
                                                , _fieldSelectionSet = Nothing
                                                }
                                            )
                                        , SelectionField
                                            ( Field
                                                { _fieldAlias = Nothing
                                                , _fieldName = Name "firstName"
                                                , _fieldArguments = Nothing
                                                , _fieldDirectives = []
                                                , _fieldSelectionSet = Nothing
                                                }
                                            )
                                        , SelectionField
                                            ( Field
                                                { _fieldAlias = Nothing
                                                , _fieldName = Name "lastName"
                                                , _fieldArguments = Nothing
                                                , _fieldDirectives = []
                                                , _fieldSelectionSet = Nothing
                                                }
                                            )
                                        , SelectionField
                                            ( Field
                                                { _fieldAlias = Nothing
                                                , _fieldName = Name "birthday"
                                                , _fieldArguments = Nothing
                                                , _fieldDirectives = []
                                                , _fieldSelectionSet = Just
                                                    ( SelectionSet
                                                        [ SelectionField
                                                            ( Field
                                                                { _fieldAlias = Nothing
                                                                , _fieldName = Name "month"
                                                                , _fieldArguments = Nothing
                                                                , _fieldDirectives = []
                                                                , _fieldSelectionSet = Nothing
                                                                }
                                                            )
                                                        , SelectionField
                                                            ( Field
                                                                { _fieldAlias = Nothing
                                                                , _fieldName = Name "day"
                                                                , _fieldArguments = Nothing
                                                                , _fieldDirectives = []
                                                                , _fieldSelectionSet = Nothing
                                                                }
                                                            )
                                                        ]
                                                    )
                                                }
                                            )
                                        , SelectionField
                                            ( Field
                                                { _fieldAlias = Nothing
                                                , _fieldName = Name "friends"
                                                , _fieldArguments = Nothing
                                                , _fieldDirectives = []
                                                , _fieldSelectionSet = Just
                                                    ( SelectionSet
                                                        [ SelectionField
                                                            ( Field
                                                                { _fieldAlias = Nothing
                                                                , _fieldName = Name "name"
                                                                , _fieldArguments = Nothing
                                                                , _fieldDirectives = []
                                                                , _fieldSelectionSet = Nothing
                                                                }
                                                            )
                                                        ]
                                                    )
                                                }
                                            )
                                        ]
                                    )
                                }
                            )
                        ]
                    )
                }
            ) :| []
        )
    )