Right
    ( Document
        ( DefinitionExecutable
            ( ExecutableDefinition
                { unwrapExecutableDefinition = OperationDefinitionSelectionSet
                    ( SelectionSet
                        [ SelectionField
                            ( Field
                                { _fieldAlias = Nothing
                                , _fieldName = Name "userInfo"
                                , _fieldArguments = Nothing
                                , _fieldDirectives = []
                                , _fieldSelectionSet = Just
                                    ( SelectionSet
                                        [ SelectionField
                                            ( Field
                                                { _fieldAlias = Nothing
                                                , _fieldName = Name "id"
                                                , _fieldArguments = Nothing
                                                , _fieldDirectives = []
                                                , _fieldSelectionSet = Nothing
                                                }
                                            )
                                        , SelectionField
                                            ( Field
                                                { _fieldAlias = Nothing
                                                , _fieldName = Name "name"
                                                , _fieldArguments = Nothing
                                                , _fieldDirectives = []
                                                , _fieldSelectionSet = Nothing
                                                }
                                            )
                                        , SelectionField
                                            ( Field
                                                { _fieldAlias = Nothing
                                                , _fieldName = Name "email"
                                                , _fieldArguments = Nothing
                                                , _fieldDirectives = []
                                                , _fieldSelectionSet = Nothing
                                                }
                                            )
                                        ]
                                    )
                                }
                            )
                        ]
                    )
                }
            ) :| []
        )
    )